[wincroreclub.com/index.html]
[backblue.gif]
[fade.gif]
[index.html]
[wincroreclub.com/assets/logo.png]
[wincroreclub.com/css/droid.css]
[wincroreclub.com/css/material-design-iconic-font.min.css]
[wincroreclub.com/css/font-awesome.min.css]
[cdnjs.cloudflare.com/ajax/libs/font-awesome/4.5.0/css/font-awesome.min.css]
[wincroreclub.com/css/plugins.css]
[wincroreclub.com/css/bootstrap.min.css]
[wincroreclub.com/style.css]
[wincroreclub.com/css/responsive.css]
[wincroreclub.com/index-2.html]
[wincroreclub.com/plan.html]
[wincroreclub.com/reg.html]
[wincroreclub.com/login.html]
[wincroreclub.com/contact_us.html]
[www.success.com/wp-content/uploads/2017/07/waystohelpyourselfandothersbesuccessful-1-1024x682.jpg]
[wincroreclub.com/img/about.png]
[wincroreclub.com/single-causes.html]
[wincroreclub.com/img/1.jpg]
[wincroreclub.com/img/2.png]
[wincroreclub.com/img/3.jpg]
[wincroreclub.com/img/project/project1.jpg]
[wincroreclub.com/img/project/project2.jpg]
[wincroreclub.com/img/project/project3.jpg]
[wincroreclub.com/img/project/project4.jpg]
[wincroreclub.com/img/project/project5.jpg]
[wincroreclub.com/js/vendor/modernizr-3.6.0.min.js]
[wincroreclub.com/js/vendor/jquery-3.6.0.min.js]
[wincroreclub.com/js/vendor/jquery-migrate-3.3.2.min.js]
[wincroreclub.com/js/popper.min.js]
[wincroreclub.com/js/bootstrap.min.js]
[wincroreclub.com/js/ajax.mail.js]
[wincroreclub.com/js/main.js]
[wincroreclub.com/index.html]
[wincroreclub.com/js/plugins.js]
[wincroreclub.com/fonts/dorid/DroidSerif-Bold-webfont.eot]
[wincroreclub.com/fonts/fonts/fonts/dorid/DroidSerif-Bold-webfontd41d.eot]
[wincroreclub.com/fonts/fonts/dorid/DroidSerif-Bold-webfont.woff]
[wincroreclub.com/fonts/dorid/DroidSerif-Bold-webfont.ttf]
[wincroreclub.com/fonts/dorid/DroidSerif-Bold-webfont.svg]
[wincroreclub.com/fonts/dorid/DroidSerif-BoldItalic-webfont.eot]
[wincroreclub.com/fonts/dorid/DroidSerif-BoldItalic-webfontd41d.eot]
[wincroreclub.com/fonts/dorid/DroidSerif-BoldItalic-webfont.woff]
[wincroreclub.com/fonts/dorid/DroidSerif-BoldItalic-webfont.ttf]
[wincroreclub.com/fonts/dorid/DroidSerif-BoldItalic-webfont.svg]
[wincroreclub.com/fonts/dorid/DroidSerif-Italic-webfont.eot]
[wincroreclub.com/fonts/dorid/DroidSerif-Italic-webfontd41d.eot]
[wincroreclub.com/fonts/dorid/DroidSerif-Italic-webfont.woff]
[wincroreclub.com/fonts/dorid/DroidSerif-Italic-webfont.ttf]
[wincroreclub.com/fonts/dorid/DroidSerif-Italic-webfont.svg]
[wincroreclub.com/fonts/dorid/DroidSerif-Regular-webfont.eot]
[wincroreclub.com/fonts/dorid/DroidSerif-Regular-webfontd41d.eot]
[wincroreclub.com/fonts/dorid/DroidSerif-Regular-webfont.woff]
[wincroreclub.com/fonts/dorid/DroidSerif-Regular-webfont.ttf]
[wincroreclub.com/fonts/dorid/DroidSerif-Regular-webfont.svg]
[wincroreclub.com/css/droid.css]
[wincroreclub.com/fonts/Material-Design-Iconic-Fontd1f1.woff2]
[wincroreclub.com/fonts/Material-Design-Iconic-Fontd1f1.woff]
[wincroreclub.com/fonts/Material-Design-Iconic-Fontd1f1.ttf]
[wincroreclub.com/css/material-design-iconic-font.min.css]
[wincroreclub.com/fonts/fontawesome-webfont3e6e.eot]
[wincroreclub.com/fonts/fontawesome-webfontd41d.eot]
[wincroreclub.com/fonts/fontawesome-webfont3e6e.woff2]
[wincroreclub.com/fonts/fontawesome-webfont3e6e.woff]
[wincroreclub.com/fonts/fontawesome-webfont3e6e.ttf]
[wincroreclub.com/fonts/fontawesome-webfont3e6e.svg]
[wincroreclub.com/css/font-awesome.min.css]
[cdnjs.cloudflare.com/ajax/libs/font-awesome/4.5.0/css/font-awesome.min.css]
[wincroreclub.com/css/owl.video.play.png]
[wincroreclub.com/css/plugins.css]
[wincroreclub.com/css/bootstrap.min.css]
[wincroreclub.com/img/logo.png]
[wincroreclub.com/img/bg/bg1.jpg]
[wincroreclub.com/img/icon/checkbox-check.png]
[wincroreclub.com/img/bg/bg2.jpg]
[wincroreclub.com/img/icon/blockquote-quote.png]
[wincroreclub.com/img/icon/icon_zoomin.png]
[wincroreclub.com/close.gif]
[wincroreclub.com/style.css]
[wincroreclub.com/css/responsive.css]
[wincroreclub.com/index-2.html]
[wincroreclub.com/assets/1.jpeg]
[wincroreclub.com/assets/11.jpeg]
[wincroreclub.com/plan.html]
[ajax.googleapis.com/ajax/libs/jquery/3.6.0/jquery.min.js]
[wincroreclub.com/reg.html]
[wincroreclub.com/login.html]
[wincroreclub.com/contact_us.html]
[wincroreclub.com/single-causes.html]
[wincroreclub.com/js/vendor/modernizr-3.6.0.min.js]
[wincroreclub.com/js/vendor/jquery-3.6.0.min.js]
[wincroreclub.com/js/vendor/jquery-migrate-3.3.2.min.js]
[wincroreclub.com/js/popper.min.js]
[wincroreclub.com/js/bootstrap.min.js]
[wincroreclub.com/forget_password.html]
[wincroreclub.com/js/plugins.js]
[wincroreclub.com/js/ajax.mail.js]
[wincroreclub.com/js/main.js]
[wincroreclub.com/fonts/dorid/DroidSerif-Bold-webfont.html]
[wincroreclub.com/fonts/fonts/fonts/dorid/DroidSerif-Bold-webfontd41d.html]
[wincroreclub.com/fonts/fonts/dorid/DroidSerif-Bold-webfont.html]
[wincroreclub.com/fonts/dorid/DroidSerif-Bold-webfont-2.html]
[wincroreclub.com/fonts/dorid/DroidSerif-Bold-webfont-3.html]
[wincroreclub.com/fonts/dorid/DroidSerif-BoldItalic-webfont.html]
[wincroreclub.com/fonts/dorid/DroidSerif-BoldItalic-webfontd41d.html]
[wincroreclub.com/fonts/dorid/DroidSerif-BoldItalic-webfont-2.html]
[wincroreclub.com/fonts/dorid/DroidSerif-BoldItalic-webfont-3.html]
[wincroreclub.com/fonts/dorid/DroidSerif-BoldItalic-webfont-4.html]
[wincroreclub.com/fonts/dorid/DroidSerif-Italic-webfont.html]
[wincroreclub.com/fonts/dorid/DroidSerif-Italic-webfontd41d.html]
[wincroreclub.com/fonts/dorid/DroidSerif-Italic-webfont-2.html]
[wincroreclub.com/fonts/dorid/DroidSerif-Italic-webfont-3.html]
[wincroreclub.com/fonts/dorid/DroidSerif-Italic-webfont-4.html]
[wincroreclub.com/fonts/dorid/DroidSerif-Regular-webfont.html]
[wincroreclub.com/fonts/dorid/DroidSerif-Regular-webfontd41d.html]
[wincroreclub.com/fonts/dorid/DroidSerif-Regular-webfont-2.html]
[wincroreclub.com/fonts/dorid/DroidSerif-Regular-webfont-3.html]
[wincroreclub.com/fonts/dorid/DroidSerif-Regular-webfont-4.html]
[wincroreclub.com/fonts/Material-Design-Iconic-Fontd1f1.html]
[wincroreclub.com/fonts/Material-Design-Iconic-Fontd1f1-2.html]
[wincroreclub.com/fonts/Material-Design-Iconic-Fontd1f1-3.html]
[wincroreclub.com/fonts/fontawesome-webfont3e6e.html]
[wincroreclub.com/fonts/fontawesome-webfontd41d.html]
[wincroreclub.com/fonts/fontawesome-webfont3e6e-2.html]
[wincroreclub.com/fonts/fontawesome-webfont3e6e-3.html]
[wincroreclub.com/fonts/fontawesome-webfont3e6e-4.html]
[wincroreclub.com/css/owl.video.play.html]
[wincroreclub.com/img/logo.html]
[wincroreclub.com/img/icon/checkbox-check.html]
[wincroreclub.com/img/icon/icon_zoomin.html]
[wincroreclub.com/close.html]
[wincroreclub.com/assets/1.html]
[wincroreclub.com/assets/11.html]
[wincroreclub.com/forget_password.html]
[wincroreclub.in/img/meteea.png]
